<book name="Война и мир" pages="1368">
  <card id="100"/>
</book>
