<settings id="100">
  <db host="localhost" name="db_name"/>
</settings>
