<bookbox>
  <book1 name="Book 1"/>
  <book2 name="Book 2"/>
  <book3 name="Book 3"/>
</bookbox>
